// Jest Snapshot v1, https://goo.gl/fbAQLP

exports[`test snapshot of component should render 1`] = `
<WithStyles(Input)
  id="import"
  onChange={[Function]}
  placeholder="Import Tickets"
  type="file"
/>
`;
